EN ball1 NULL C:/Users/pallav/Desktop/ping/ball1.vhd sub00/vhpl00 1303623814
AR ball1 behavioral C:/Users/pallav/Desktop/ping/ball1.vhd sub00/vhpl01 1303623815
EN ballt NULL C:/Users/pallav/Desktop/ping/ballt.vhw sub00/vhpl02 1303623940
AR ballt testbench_arch C:/Users/pallav/Desktop/ping/ballt.vhw sub00/vhpl03 1303623941
