--------------------------------------------------------------------------------
Release 9.2i Trace 
Copyright (c) 1995-2007 Xilinx, Inc.  All rights reserved.

C:\Xilinx92i\bin\nt\trce.exe -ise C:/Users/pallav/Desktop/ping/ping.ise
-intstyle ise -e 3 -s 6 -xml top top.ncd -o top.twr top.pcf -ucf top.ucf

Design file:              top.ncd
Physical constraint file: top.pcf
Device,package,speed:     xc2vp30,ff896,-6 (PRODUCTION 1.93 2007-04-13)
Report level:             error report

Environment Variable      Effect 
--------------------      ------ 
NONE                      No environment variables were set
--------------------------------------------------------------------------------

INFO:Timing:2752 - To get complete path coverage, use the unconstrained paths 
   option. All paths that are not constrained will be reported in the 
   unconstrained paths section(s) of the report.
INFO:Timing:3339 - The clock-to-out numbers in this timing report are based on 
   a 50 Ohm transmission line loading model.  For the details of this model, 
   and for more information on accounting for different loading conditions, 
   please see the device datasheet.

================================================================================
Timing constraint: TS_SYSTEM_CLOCK = PERIOD TIMEGRP "SYSTEM_CLOCK" 10 ns HIGH 
50%;

 0 items analyzed, 0 timing errors detected.
--------------------------------------------------------------------------------

================================================================================
Timing constraint: TS_XLXI_22_CLOCK_GEN_pixel_clock_unbuffered = PERIOD TIMEGRP 
        "XLXI_22_CLOCK_GEN_pixel_clock_unbuffered" TS_SYSTEM_CLOCK / 0.25 HIGH  
       50%;

 3900028 items analyzed, 0 timing errors detected. (0 setup errors, 0 hold errors)
 Minimum period is  16.954ns.
--------------------------------------------------------------------------------


All constraints were met.


Data Sheet report:
-----------------
All values displayed in nanoseconds (ns)

Clock to Setup on destination clock SYSTEM_CLOCK
---------------+---------+---------+---------+---------+
               | Src:Rise| Src:Fall| Src:Rise| Src:Fall|
Source Clock   |Dest:Rise|Dest:Rise|Dest:Fall|Dest:Fall|
---------------+---------+---------+---------+---------+
SYSTEM_CLOCK   |   16.954|         |         |    2.098|
---------------+---------+---------+---------+---------+


Timing summary:
---------------

Timing errors: 0  Score: 0

Constraints cover 3900028 paths, 0 nets, and 1159 connections

Design statistics:
   Minimum period:  16.954ns   (Maximum frequency:  58.983MHz)


Analysis completed Sun Apr 24 12:42:18 2011 
--------------------------------------------------------------------------------

Trace Settings:
-------------------------
Trace Settings 

Peak Memory Usage: 170 MB



